// Vitest Snapshot v1

exports[`lib/tv/source/episodes > #getEpisodesForShow > returns all episodes for show if there are paginated results 1`] = `
[
  {
    "airdate": "2009-02-17T05:00:00.000Z",
    "episodeNumber": 1,
    "id": "3859781",
    "season": 0,
    "title": "Good Cop Bad Cop",
  },
  {
    "airdate": undefined,
    "episodeNumber": 0,
    "id": "3859791",
    "season": 0,
    "title": "Wedding Day",
  },
  {
    "airdate": "2009-02-17T05:00:00.000Z",
    "episodeNumber": 3,
    "id": "3859801",
    "season": 0,
    "title": "TwaughtHammer",
  },
  {
    "airdate": "2009-02-17T05:00:00.000Z",
    "episodeNumber": 4,
    "id": "3859811",
    "season": 0,
    "title": "Marie's Confession",
  },
  {
    "airdate": "2009-02-17T05:00:00.000Z",
    "episodeNumber": 5,
    "id": "3859821",
    "season": 0,
    "title": "The Break-In",
  },
  {
    "airdate": "2009-02-17T05:00:00.000Z",
    "episodeNumber": 1,
    "id": "3859781",
    "season": 0,
    "title": "Good Cop Bad Cop",
  },
  {
    "airdate": undefined,
    "episodeNumber": 0,
    "id": "3859791",
    "season": 0,
    "title": "Wedding Day",
  },
  {
    "airdate": "2009-02-17T05:00:00.000Z",
    "episodeNumber": 3,
    "id": "3859801",
    "season": 0,
    "title": "TwaughtHammer",
  },
  {
    "airdate": "2009-02-17T05:00:00.000Z",
    "episodeNumber": 4,
    "id": "3859811",
    "season": 0,
    "title": "Marie's Confession",
  },
  {
    "airdate": "2009-02-17T05:00:00.000Z",
    "episodeNumber": 5,
    "id": "3859821",
    "season": 0,
    "title": "The Break-In",
  },
]
`;

exports[`lib/tv/source/episodes > #getEpisodesForShow > returns episodes for show 1`] = `
[
  {
    "airdate": "2009-02-17T05:00:00.000Z",
    "episodeNumber": 1,
    "id": "3859781",
    "season": 0,
    "title": "Good Cop Bad Cop",
  },
  {
    "airdate": undefined,
    "episodeNumber": 0,
    "id": "3859791",
    "season": 0,
    "title": "Wedding Day",
  },
  {
    "airdate": "2009-02-17T05:00:00.000Z",
    "episodeNumber": 3,
    "id": "3859801",
    "season": 0,
    "title": "TwaughtHammer",
  },
  {
    "airdate": "2009-02-17T05:00:00.000Z",
    "episodeNumber": 4,
    "id": "3859811",
    "season": 0,
    "title": "Marie's Confession",
  },
  {
    "airdate": "2009-02-17T05:00:00.000Z",
    "episodeNumber": 5,
    "id": "3859821",
    "season": 0,
    "title": "The Break-In",
  },
]
`;
