// Vitest Snapshot v1

exports[`lib/notion/update-date-extrapolation > updates extrapolated dates based on historical and recent dates 1`] = `
"- 2022-10-16
- 2022-11-18
- 2022-12-21
"
`;
